// Jest Snapshot v1, https://goo.gl/fbAQLP

exports[`<ReduxView /> should render correctly 1`] = `
<div
  className="animated fadeIn root root"
>
  <h1>
    REDUX
  </h1>
  <p>
    Redux is a predictable state container for JavaScript apps.
  </p>
  <p>
    This application includes 
    <strong>
      React-Redux
    </strong>
     along with a sample reducer and action set following the
     
    <a
      href="https://medium.com/@scbarrus/the-ducks-file-structure-for-redux-d63c41b7035c"
      rel="noopener noreferrer"
      target="_blank"
    >
      Redux Duck Pattern
    </a>
    .
  </p>
  <h2>
    Redux Value:
    0
  </h2>
  <p>
    Click the following buttons to update and reset the value stored in the Redux store. Note that you can leave this page and return and the value will be saved.
  </p>
  <button
    className="root"
    onClick={[Function]}
    type="button"
  >
    Update
  </button>
  <button
    className="root"
    onClick={[Function]}
    type="button"
  >
    Reset
  </button>
</div>
`;
