// Jest Snapshot v1, https://goo.gl/fbAQLP

exports[`<Main /> should render correctly 1`] = `
<App>
  <AppBar>
    <AppBarButton
      onClick={null}
      to="/"
    >
      <Icon
        className=""
        name="home"
      />
    </AppBarButton>
    <AppBarButton
      onClick={null}
      to="users"
    >
      <Icon
        className=""
        name="user"
      />
    </AppBarButton>
  </AppBar>
  <Outlet />
</App>
`;
